// Jest Snapshot v1, https://goo.gl/fbAQLP

exports[`Sidebar Should render the Sidebar 1`] = `
ShallowWrapper {
  "length": 1,
  Symbol(enzyme.__root__): [Circular],
  Symbol(enzyme.__unrendered__): <Sidebar
    menuItems={
      Array [
        Object {
          "icon": "home",
          "key": "sub1",
          "label": "Home",
          "path": "/",
          "subMenu": Array [
            Object {
              "icon": "home",
              "key": "subitem1",
              "label": "Home Page",
              "path": "/",
            },
          ],
        },
        Object {
          "icon": "smile-o",
          "key": "item1",
          "label": "Welcome",
          "path": "/welcome",
        },
        Object {
          "icon": "frown-o",
          "key": "item2",
          "label": "Bye",
          "path": "/bye",
        },
        Object {
          "icon": "file-text",
          "key": "item3",
          "label": "Todo",
          "path": "/todo",
        },
      ]
    }
    openKeys={Array []}
  />,
  Symbol(enzyme.__renderer__): Object {
    "batchedUpdates": [Function],
    "getNode": [Function],
    "render": [Function],
    "simulateEvent": [Function],
    "unmount": [Function],
  },
  Symbol(enzyme.__node__): Object {
    "instance": null,
    "key": undefined,
    "nodeType": "class",
    "props": Object {
      "children": Array [
        <div
          className="logo"
        />,
        <Menu
          className=""
          mode="inline"
          onClick={[Function]}
          openKeys={Array []}
          prefixCls="ant-menu"
          selectedKeys={Array []}
          style={
            Object {
              "height": "100%",
            }
          }
          theme="dark"
        >
          <SubMenu
            onTitleClick={[Function]}
            title={
              <span>
                <Icon
                  type="home"
                />
                <span>
                  Home
                </span>
              </span>
            }
          >
            <MenuItem
              path="/"
            >
              <Icon
                type="home"
              />
              <span>
                Home Page
              </span>
            </MenuItem>
          </SubMenu>
          <MenuItem
            path="/welcome"
          >
            <Icon
              type="smile-o"
            />
            <span>
              Welcome
            </span>
          </MenuItem>
          <MenuItem
            path="/bye"
          >
            <Icon
              type="frown-o"
            />
            <span>
              Bye
            </span>
          </MenuItem>
          <MenuItem
            path="/todo"
          >
            <Icon
              type="file-text"
            />
            <span>
              Todo
            </span>
          </MenuItem>
        </Menu>,
      ],
      "collapsed": undefined,
      "collapsedWidth": 80,
      "collapsible": true,
      "defaultCollapsed": false,
      "onMouseEnter": [Function],
      "onMouseLeave": [Function],
      "prefixCls": "ant-layout-sider",
      "reverseArrow": false,
      "style": Object {
        "backgroundColor": "#fff",
      },
      "trigger": null,
      "width": 200,
    },
    "ref": null,
    "rendered": Array [
      Object {
        "instance": null,
        "key": undefined,
        "nodeType": "host",
        "props": Object {
          "className": "logo",
        },
        "ref": null,
        "rendered": null,
        "type": "div",
      },
      Object {
        "instance": null,
        "key": undefined,
        "nodeType": "class",
        "props": Object {
          "children": Array [
            <SubMenu
              onTitleClick={[Function]}
              title={
                <span>
                  <Icon
                    type="home"
                  />
                  <span>
                    Home
                  </span>
                </span>
              }
            >
              <MenuItem
                path="/"
              >
                <Icon
                  type="home"
                />
                <span>
                  Home Page
                </span>
              </MenuItem>
            </SubMenu>,
            <MenuItem
              path="/welcome"
            >
              <Icon
                type="smile-o"
              />
              <span>
                Welcome
              </span>
            </MenuItem>,
            <MenuItem
              path="/bye"
            >
              <Icon
                type="frown-o"
              />
              <span>
                Bye
              </span>
            </MenuItem>,
            <MenuItem
              path="/todo"
            >
              <Icon
                type="file-text"
              />
              <span>
                Todo
              </span>
            </MenuItem>,
          ],
          "className": "",
          "mode": "inline",
          "onClick": [Function],
          "openKeys": Array [],
          "prefixCls": "ant-menu",
          "selectedKeys": Array [],
          "style": Object {
            "height": "100%",
          },
          "theme": "dark",
        },
        "ref": null,
        "rendered": Array [
          Object {
            "instance": null,
            "key": "sub1",
            "nodeType": "class",
            "props": Object {
              "children": Array [
                <MenuItem
                  path="/"
                >
                  <Icon
                    type="home"
                  />
                  <span>
                    Home Page
                  </span>
                </MenuItem>,
              ],
              "onTitleClick": [Function],
              "title": <span>
                <Icon
                  type="home"
                />
                <span>
                  Home
                </span>
              </span>,
            },
            "ref": null,
            "rendered": Array [
              Object {
                "instance": null,
                "key": "subitem1",
                "nodeType": "class",
                "props": Object {
                  "children": Array [
                    <Icon
                      type="home"
                    />,
                    <span>
                      Home Page
                    </span>,
                  ],
                  "path": "/",
                },
                "ref": null,
                "rendered": Array [
                  Object {
                    "instance": null,
                    "key": undefined,
                    "nodeType": "function",
                    "props": Object {
                      "type": "home",
                    },
                    "ref": null,
                    "rendered": null,
                    "type": [Function],
                  },
                  Object {
                    "instance": null,
                    "key": undefined,
                    "nodeType": "host",
                    "props": Object {
                      "children": "Home Page",
                    },
                    "ref": null,
                    "rendered": "Home Page",
                    "type": "span",
                  },
                ],
                "type": [Function],
              },
            ],
            "type": [Function],
          },
          Object {
            "instance": null,
            "key": "item1",
            "nodeType": "class",
            "props": Object {
              "children": Array [
                <Icon
                  type="smile-o"
                />,
                <span>
                  Welcome
                </span>,
              ],
              "path": "/welcome",
            },
            "ref": null,
            "rendered": Array [
              Object {
                "instance": null,
                "key": undefined,
                "nodeType": "function",
                "props": Object {
                  "type": "smile-o",
                },
                "ref": null,
                "rendered": null,
                "type": [Function],
              },
              Object {
                "instance": null,
                "key": undefined,
                "nodeType": "host",
                "props": Object {
                  "children": "Welcome",
                },
                "ref": null,
                "rendered": "Welcome",
                "type": "span",
              },
            ],
            "type": [Function],
          },
          Object {
            "instance": null,
            "key": "item2",
            "nodeType": "class",
            "props": Object {
              "children": Array [
                <Icon
                  type="frown-o"
                />,
                <span>
                  Bye
                </span>,
              ],
              "path": "/bye",
            },
            "ref": null,
            "rendered": Array [
              Object {
                "instance": null,
                "key": undefined,
                "nodeType": "function",
                "props": Object {
                  "type": "frown-o",
                },
                "ref": null,
                "rendered": null,
                "type": [Function],
              },
              Object {
                "instance": null,
                "key": undefined,
                "nodeType": "host",
                "props": Object {
                  "children": "Bye",
                },
                "ref": null,
                "rendered": "Bye",
                "type": "span",
              },
            ],
            "type": [Function],
          },
          Object {
            "instance": null,
            "key": "item3",
            "nodeType": "class",
            "props": Object {
              "children": Array [
                <Icon
                  type="file-text"
                />,
                <span>
                  Todo
                </span>,
              ],
              "path": "/todo",
            },
            "ref": null,
            "rendered": Array [
              Object {
                "instance": null,
                "key": undefined,
                "nodeType": "function",
                "props": Object {
                  "type": "file-text",
                },
                "ref": null,
                "rendered": null,
                "type": [Function],
              },
              Object {
                "instance": null,
                "key": undefined,
                "nodeType": "host",
                "props": Object {
                  "children": "Todo",
                },
                "ref": null,
                "rendered": "Todo",
                "type": "span",
              },
            ],
            "type": [Function],
          },
        ],
        "type": [Function],
      },
    ],
    "type": [Function],
  },
  Symbol(enzyme.__nodes__): Array [
    Object {
      "instance": null,
      "key": undefined,
      "nodeType": "class",
      "props": Object {
        "children": Array [
          <div
            className="logo"
          />,
          <Menu
            className=""
            mode="inline"
            onClick={[Function]}
            openKeys={Array []}
            prefixCls="ant-menu"
            selectedKeys={Array []}
            style={
              Object {
                "height": "100%",
              }
            }
            theme="dark"
          >
            <SubMenu
              onTitleClick={[Function]}
              title={
                <span>
                  <Icon
                    type="home"
                  />
                  <span>
                    Home
                  </span>
                </span>
              }
            >
              <MenuItem
                path="/"
              >
                <Icon
                  type="home"
                />
                <span>
                  Home Page
                </span>
              </MenuItem>
            </SubMenu>
            <MenuItem
              path="/welcome"
            >
              <Icon
                type="smile-o"
              />
              <span>
                Welcome
              </span>
            </MenuItem>
            <MenuItem
              path="/bye"
            >
              <Icon
                type="frown-o"
              />
              <span>
                Bye
              </span>
            </MenuItem>
            <MenuItem
              path="/todo"
            >
              <Icon
                type="file-text"
              />
              <span>
                Todo
              </span>
            </MenuItem>
          </Menu>,
        ],
        "collapsed": undefined,
        "collapsedWidth": 80,
        "collapsible": true,
        "defaultCollapsed": false,
        "onMouseEnter": [Function],
        "onMouseLeave": [Function],
        "prefixCls": "ant-layout-sider",
        "reverseArrow": false,
        "style": Object {
          "backgroundColor": "#fff",
        },
        "trigger": null,
        "width": 200,
      },
      "ref": null,
      "rendered": Array [
        Object {
          "instance": null,
          "key": undefined,
          "nodeType": "host",
          "props": Object {
            "className": "logo",
          },
          "ref": null,
          "rendered": null,
          "type": "div",
        },
        Object {
          "instance": null,
          "key": undefined,
          "nodeType": "class",
          "props": Object {
            "children": Array [
              <SubMenu
                onTitleClick={[Function]}
                title={
                  <span>
                    <Icon
                      type="home"
                    />
                    <span>
                      Home
                    </span>
                  </span>
                }
              >
                <MenuItem
                  path="/"
                >
                  <Icon
                    type="home"
                  />
                  <span>
                    Home Page
                  </span>
                </MenuItem>
              </SubMenu>,
              <MenuItem
                path="/welcome"
              >
                <Icon
                  type="smile-o"
                />
                <span>
                  Welcome
                </span>
              </MenuItem>,
              <MenuItem
                path="/bye"
              >
                <Icon
                  type="frown-o"
                />
                <span>
                  Bye
                </span>
              </MenuItem>,
              <MenuItem
                path="/todo"
              >
                <Icon
                  type="file-text"
                />
                <span>
                  Todo
                </span>
              </MenuItem>,
            ],
            "className": "",
            "mode": "inline",
            "onClick": [Function],
            "openKeys": Array [],
            "prefixCls": "ant-menu",
            "selectedKeys": Array [],
            "style": Object {
              "height": "100%",
            },
            "theme": "dark",
          },
          "ref": null,
          "rendered": Array [
            Object {
              "instance": null,
              "key": "sub1",
              "nodeType": "class",
              "props": Object {
                "children": Array [
                  <MenuItem
                    path="/"
                  >
                    <Icon
                      type="home"
                    />
                    <span>
                      Home Page
                    </span>
                  </MenuItem>,
                ],
                "onTitleClick": [Function],
                "title": <span>
                  <Icon
                    type="home"
                  />
                  <span>
                    Home
                  </span>
                </span>,
              },
              "ref": null,
              "rendered": Array [
                Object {
                  "instance": null,
                  "key": "subitem1",
                  "nodeType": "class",
                  "props": Object {
                    "children": Array [
                      <Icon
                        type="home"
                      />,
                      <span>
                        Home Page
                      </span>,
                    ],
                    "path": "/",
                  },
                  "ref": null,
                  "rendered": Array [
                    Object {
                      "instance": null,
                      "key": undefined,
                      "nodeType": "function",
                      "props": Object {
                        "type": "home",
                      },
                      "ref": null,
                      "rendered": null,
                      "type": [Function],
                    },
                    Object {
                      "instance": null,
                      "key": undefined,
                      "nodeType": "host",
                      "props": Object {
                        "children": "Home Page",
                      },
                      "ref": null,
                      "rendered": "Home Page",
                      "type": "span",
                    },
                  ],
                  "type": [Function],
                },
              ],
              "type": [Function],
            },
            Object {
              "instance": null,
              "key": "item1",
              "nodeType": "class",
              "props": Object {
                "children": Array [
                  <Icon
                    type="smile-o"
                  />,
                  <span>
                    Welcome
                  </span>,
                ],
                "path": "/welcome",
              },
              "ref": null,
              "rendered": Array [
                Object {
                  "instance": null,
                  "key": undefined,
                  "nodeType": "function",
                  "props": Object {
                    "type": "smile-o",
                  },
                  "ref": null,
                  "rendered": null,
                  "type": [Function],
                },
                Object {
                  "instance": null,
                  "key": undefined,
                  "nodeType": "host",
                  "props": Object {
                    "children": "Welcome",
                  },
                  "ref": null,
                  "rendered": "Welcome",
                  "type": "span",
                },
              ],
              "type": [Function],
            },
            Object {
              "instance": null,
              "key": "item2",
              "nodeType": "class",
              "props": Object {
                "children": Array [
                  <Icon
                    type="frown-o"
                  />,
                  <span>
                    Bye
                  </span>,
                ],
                "path": "/bye",
              },
              "ref": null,
              "rendered": Array [
                Object {
                  "instance": null,
                  "key": undefined,
                  "nodeType": "function",
                  "props": Object {
                    "type": "frown-o",
                  },
                  "ref": null,
                  "rendered": null,
                  "type": [Function],
                },
                Object {
                  "instance": null,
                  "key": undefined,
                  "nodeType": "host",
                  "props": Object {
                    "children": "Bye",
                  },
                  "ref": null,
                  "rendered": "Bye",
                  "type": "span",
                },
              ],
              "type": [Function],
            },
            Object {
              "instance": null,
              "key": "item3",
              "nodeType": "class",
              "props": Object {
                "children": Array [
                  <Icon
                    type="file-text"
                  />,
                  <span>
                    Todo
                  </span>,
                ],
                "path": "/todo",
              },
              "ref": null,
              "rendered": Array [
                Object {
                  "instance": null,
                  "key": undefined,
                  "nodeType": "function",
                  "props": Object {
                    "type": "file-text",
                  },
                  "ref": null,
                  "rendered": null,
                  "type": [Function],
                },
                Object {
                  "instance": null,
                  "key": undefined,
                  "nodeType": "host",
                  "props": Object {
                    "children": "Todo",
                  },
                  "ref": null,
                  "rendered": "Todo",
                  "type": "span",
                },
              ],
              "type": [Function],
            },
          ],
          "type": [Function],
        },
      ],
      "type": [Function],
    },
  ],
  Symbol(enzyme.__options__): Object {
    "adapter": ReactSixteenAdapter {
      "options": Object {
        "enableComponentDidUpdateOnSetState": true,
      },
    },
  },
}
`;
