// Jest Snapshot v1, https://goo.gl/fbAQLP

exports[`TopBar Should render the TopBar 1`] = `
<Adapter
  className="topBarHeader"
  style={
    Object {
      "background": "rgba(117,117,117,0.4)",
      "borderTop": "4px solid #f5222d",
      "padding": 0,
    }
  }
>
  <Button
    className="trigger"
    ghost={false}
    icon="menu-fold"
    loading={false}
    prefixCls="ant-btn"
  />
  <div
    className="offlineSpinContainer"
  >
    <Spin
      className="offlineSpinner"
      prefixCls="ant-spin"
      size="default"
      spinning={true}
      tip="Offline..."
      wrapperClassName=""
    />
  </div>
  <Menu
    className="topBarMenu"
    mode="horizontal"
    onClick={[Function]}
    prefixCls="ant-menu"
    selectedKeys={
      Array [
        undefined,
      ]
    }
    style={Object {}}
    theme="light"
  />
</Adapter>
`;
